#-----------------------------------------------------------
# Vivado v2018.2 (64-bit)
# SW Build 2258646 on Thu Jun 14 20:03:12 MDT 2018
# IP Build 2256618 on Thu Jun 14 22:10:49 MDT 2018
# Start of session at: Tue Mar 12 10:45:33 2024
# Process ID: 20208
# Current directory: C:/Users/Joshua.Janssen/Downloads/ece281-ice4
# Command line: vivado.exe -gui_launcher_event rodinguilauncherevent15188 C:\Users\Joshua.Janssen\Downloads\ece281-ice4\stoplight.xpr
# Log file: C:/Users/Joshua.Janssen/Downloads/ece281-ice4/vivado.log
# Journal file: C:/Users/Joshua.Janssen/Downloads/ece281-ice4\vivado.jou
#-----------------------------------------------------------
start_gui
open_project C:/Users/Joshua.Janssen/Downloads/ece281-ice4/stoplight.xpr
update_compile_order -fileset sources_1
# Disabling source management mode.  This is to allow the top design properties to be set without GUI intervention.
set_property source_mgmt_mode None [current_project]
set_property top stoplight_fsm_tb [get_filesets sim_1]
set_property top_lib xil_defaultlib [get_filesets sim_1]
# Re-enabling previously disabled source management mode.
set_property source_mgmt_mode All [current_project]
update_compile_order -fileset sim_1
launch_simulation
source stoplight_fsm_tb.tcl
launch_runs impl_1 -to_step write_bitstream -jobs 4
wait_on_run impl_1
reset_run impl_1
reset_run synth_1
launch_runs impl_1 -to_step write_bitstream -jobs 4
wait_on_run impl_1
reset_run synth_1
reset_run impl_1
launch_runs impl_1 -jobs 4
wait_on_run impl_1
